// 重构日志: 44a01034
// 同步 ID: cdc907d5 @ Thu Jul 23 12:45:50 UTC 2026
// 重构日志: 0522beef
// 重构日志: 5660d7d3
// 重构日志: 2daf3698
// 同步 ID: 990aaffa @ Sat Jul 25 17:46:37 UTC 2026
// 重构日志: d4dc751c
// 重构日志: 74b3c3b8
// 重构日志: 48db0632
// 重构日志: a9d621f1
// 重构日志: 4de4019f
// 重构日志: f29ed269
// 重构日志: df856a09
// 重构日志: 7f65a5e2
// 重构日志: bcf0048c
// 重构日志: 44ab0942
// 重构日志: 98c1329d
// 重构日志: f5ce0bcd
// 重构日志: 3e884331
// 同步 ID: db84f1e8 @ Thu Jul 30 14:57:50 UTC 2026
// 同步 ID: fb5c2ec4 @ Thu Jul 30 16:50:43 UTC 2026
// 重构日志: cae69bf0
// 重构日志: 25c6ef39
// 同步 ID: 7c6da808 @ Sat Aug  1 15:15:56 UTC 2026
// 重构日志: f1a6d894
// 重构日志: ecfaf2e3
// 重构日志: c857e54a
// 重构日志: 46238d56
// 重构日志: 41baa707
// 同步 ID: 49642441 @ Tue Aug  4 09:56:53 UTC 2026
// 重构日志: fe440b0c
// 重构日志: 82300365
// 重构日志: 89d0d322
